src/server.ts(47,29): error TS2769: No overload matches this call.
  The last overload gave the following error.
    Argument of type 'string' is not assignable to parameter of type 'number'.
